[debug] [2026-01-03T17:09:08.971Z] ----------------------------------------------------------------------
[debug] [2026-01-03T17:09:08.973Z] Command:       C:\Program Files\nodejs\node.exe C:\Users\bobim\AppData\Roaming\npm\node_modules\firebase-tools\lib\bin\firebase.js init
[debug] [2026-01-03T17:09:08.974Z] CLI Version:   14.26.0
[debug] [2026-01-03T17:09:08.974Z] Platform:      win32
[debug] [2026-01-03T17:09:08.974Z] Node Version:  v22.16.0
[debug] [2026-01-03T17:09:08.974Z] Time:          Sat Jan 03 2026 19:09:08 GMT+0200 (Eastern European Standard Time)
[debug] [2026-01-03T17:09:08.974Z] ----------------------------------------------------------------------
[debug] 
[debug] [2026-01-03T17:09:08.976Z] >>> [apiv2][query] GET https://firebase-public.firebaseio.com/cli.json [none]
[info] 
     ######## #### ########  ######## ########     ###     ######  ########
     ##        ##  ##     ## ##       ##     ##  ##   ##  ##       ##
     ######    ##  ########  ######   ########  #########  ######  ######
     ##        ##  ##    ##  ##       ##     ## ##     ##       ## ##
     ##       #### ##     ## ######## ########  ##     ##  ######  ########

You're about to initialize a Firebase project in this directory:

  C:\Users\bobim\Whatsapp

[debug] [2026-01-03T17:09:09.409Z] <<< [apiv2][status] GET https://firebase-public.firebaseio.com/cli.json 200
[debug] [2026-01-03T17:09:09.409Z] <<< [apiv2][body] GET https://firebase-public.firebaseio.com/cli.json {"cloudBuildErrorAfter":1594252800000,"cloudBuildWarnAfter":1590019200000,"defaultNode10After":1594252800000,"minVersion":"3.0.5","node8DeploysDisabledAfter":1613390400000,"node8RuntimeDisabledAfter":1615809600000,"node8WarnAfter":1600128000000}
[info] 
=== Project Setup
[info] 
[info] First, let's associate this project directory with a Firebase project.
[info] You can create multiple project aliases by running firebase use --add, 
[info] 
[debug] [2026-01-03T17:10:24.085Z] > command requires scopes: ["email","openid","https://www.googleapis.com/auth/cloudplatformprojects.readonly","https://www.googleapis.com/auth/firebase","https://www.googleapis.com/auth/cloud-platform"]
[debug] [2026-01-03T17:10:24.085Z] > authorizing via signed-in user (cleancy04@gmail.com)
[debug] [2026-01-03T17:10:24.086Z] Checked if tokens are valid: false, expires at: 1764262050810
[debug] [2026-01-03T17:10:24.086Z] Checked if tokens are valid: false, expires at: 1764262050810
[debug] [2026-01-03T17:10:24.086Z] > refreshing access token with scopes: []
[debug] [2026-01-03T17:10:24.087Z] >>> [apiv2][query] POST https://www.googleapis.com/oauth2/v3/token [none]
[debug] [2026-01-03T17:10:24.087Z] >>> [apiv2][body] POST https://www.googleapis.com/oauth2/v3/token [omitted]
[debug] [2026-01-03T17:10:24.592Z] <<< [apiv2][status] POST https://www.googleapis.com/oauth2/v3/token 200
[debug] [2026-01-03T17:10:24.592Z] <<< [apiv2][body] POST https://www.googleapis.com/oauth2/v3/token [omitted]
[debug] [2026-01-03T17:10:24.604Z] >>> [apiv2][query] GET https://firebase.googleapis.com/v1beta1/projects/elite-5b171 [none]
[debug] [2026-01-03T17:10:25.010Z] <<< [apiv2][status] GET https://firebase.googleapis.com/v1beta1/projects/elite-5b171 200
[debug] [2026-01-03T17:10:25.011Z] <<< [apiv2][body] GET https://firebase.googleapis.com/v1beta1/projects/elite-5b171 {"projectId":"elite-5b171","projectNumber":"263142174492","displayName":"elite","name":"projects/elite-5b171","resources":{"hostingSite":"elite-5b171","realtimeDatabaseInstance":"elite-5b171-default-rtdb"},"state":"ACTIVE","etag":"1_ea82806e-294c-4014-a67e-19b4d586f444"}
[info] i  Using project elite-5b171 (elite) . 
[info] 
=== Dataconnect Setup
[info] i  dataconnect: ensuring required API firebasedataconnect.googleapis.com is enabled... 
[debug] [2026-01-03T17:10:25.020Z] Checked if tokens are valid: true, expires at: 1767463823592
[debug] [2026-01-03T17:10:25.020Z] Checked if tokens are valid: true, expires at: 1767463823592
[info] i  dataconnect: ensuring required API sqladmin.googleapis.com is enabled... 
[debug] [2026-01-03T17:10:25.021Z] Checked if tokens are valid: true, expires at: 1767463823592
[debug] [2026-01-03T17:10:25.021Z] Checked if tokens are valid: true, expires at: 1767463823592
[debug] [2026-01-03T17:10:25.021Z] >>> [apiv2][query] GET https://serviceusage.googleapis.com/v1/projects/elite-5b171/services/firebasedataconnect.googleapis.com [none]
[debug] [2026-01-03T17:10:25.021Z] >>> [apiv2][(partial)header] GET https://serviceusage.googleapis.com/v1/projects/elite-5b171/services/firebasedataconnect.googleapis.com x-goog-quota-user=projects/elite-5b171
[debug] [2026-01-03T17:10:25.022Z] >>> [apiv2][query] GET https://serviceusage.googleapis.com/v1/projects/elite-5b171/services/sqladmin.googleapis.com [none]
[debug] [2026-01-03T17:10:25.022Z] >>> [apiv2][(partial)header] GET https://serviceusage.googleapis.com/v1/projects/elite-5b171/services/sqladmin.googleapis.com x-goog-quota-user=projects/elite-5b171
[debug] [2026-01-03T17:10:26.269Z] <<< [apiv2][status] GET https://serviceusage.googleapis.com/v1/projects/elite-5b171/services/sqladmin.googleapis.com 200
[debug] [2026-01-03T17:10:26.269Z] <<< [apiv2][body] GET https://serviceusage.googleapis.com/v1/projects/elite-5b171/services/sqladmin.googleapis.com [omitted]
[warn] !  dataconnect: missing required API sqladmin.googleapis.com. Enabling now... 
[debug] [2026-01-03T17:10:26.270Z] Checked if tokens are valid: true, expires at: 1767463823592
[debug] [2026-01-03T17:10:26.270Z] Checked if tokens are valid: true, expires at: 1767463823592
[debug] [2026-01-03T17:10:26.270Z] >>> [apiv2][query] POST https://serviceusage.googleapis.com/v1/projects/elite-5b171/services/sqladmin.googleapis.com:enable [none]
[debug] [2026-01-03T17:10:26.270Z] >>> [apiv2][(partial)header] POST https://serviceusage.googleapis.com/v1/projects/elite-5b171/services/sqladmin.googleapis.com:enable x-goog-quota-user=projects/elite-5b171
[debug] [2026-01-03T17:10:26.321Z] <<< [apiv2][status] GET https://serviceusage.googleapis.com/v1/projects/elite-5b171/services/firebasedataconnect.googleapis.com 200
[debug] [2026-01-03T17:10:26.322Z] <<< [apiv2][body] GET https://serviceusage.googleapis.com/v1/projects/elite-5b171/services/firebasedataconnect.googleapis.com [omitted]
[warn] !  dataconnect: missing required API firebasedataconnect.googleapis.com. Enabling now... 
[debug] [2026-01-03T17:10:26.322Z] Checked if tokens are valid: true, expires at: 1767463823592
[debug] [2026-01-03T17:10:26.322Z] Checked if tokens are valid: true, expires at: 1767463823592
[debug] [2026-01-03T17:10:26.322Z] >>> [apiv2][query] POST https://serviceusage.googleapis.com/v1/projects/elite-5b171/services/firebasedataconnect.googleapis.com:enable [none]
[debug] [2026-01-03T17:10:26.322Z] >>> [apiv2][(partial)header] POST https://serviceusage.googleapis.com/v1/projects/elite-5b171/services/firebasedataconnect.googleapis.com:enable x-goog-quota-user=projects/elite-5b171
[debug] [2026-01-03T17:10:27.711Z] <<< [apiv2][status] POST https://serviceusage.googleapis.com/v1/projects/elite-5b171/services/sqladmin.googleapis.com:enable 200
[debug] [2026-01-03T17:10:27.711Z] <<< [apiv2][body] POST https://serviceusage.googleapis.com/v1/projects/elite-5b171/services/sqladmin.googleapis.com:enable [omitted]
[debug] [2026-01-03T17:10:27.763Z] <<< [apiv2][status] POST https://serviceusage.googleapis.com/v1/projects/elite-5b171/services/firebasedataconnect.googleapis.com:enable 200
[debug] [2026-01-03T17:10:27.763Z] <<< [apiv2][body] POST https://serviceusage.googleapis.com/v1/projects/elite-5b171/services/firebasedataconnect.googleapis.com:enable [omitted]
[debug] [2026-01-03T17:10:37.770Z] Checked if tokens are valid: true, expires at: 1767463823592
[debug] [2026-01-03T17:10:37.771Z] Checked if tokens are valid: true, expires at: 1767463823592
[debug] [2026-01-03T17:10:37.771Z] >>> [apiv2][query] GET https://firebasedataconnect.googleapis.com/v1/projects/elite-5b171/locations/-/services [none]
[debug] [2026-01-03T17:10:39.234Z] <<< [apiv2][status] GET https://firebasedataconnect.googleapis.com/v1/projects/elite-5b171/locations/-/services 200
[debug] [2026-01-03T17:10:39.234Z] <<< [apiv2][body] GET https://firebasedataconnect.googleapis.com/v1/projects/elite-5b171/locations/-/services {}
[info] i  : ensuring required API cloudaicompanion.googleapis.com is enabled... 
[debug] [2026-01-03T17:13:19.150Z] Checked if tokens are valid: true, expires at: 1767463823592
[debug] [2026-01-03T17:13:19.150Z] Checked if tokens are valid: true, expires at: 1767463823592
[debug] [2026-01-03T17:13:19.150Z] >>> [apiv2][query] GET https://serviceusage.googleapis.com/v1/projects/elite-5b171/services/cloudaicompanion.googleapis.com [none]
[debug] [2026-01-03T17:13:19.150Z] >>> [apiv2][(partial)header] GET https://serviceusage.googleapis.com/v1/projects/elite-5b171/services/cloudaicompanion.googleapis.com x-goog-quota-user=projects/elite-5b171
[debug] [2026-01-03T17:13:20.567Z] <<< [apiv2][status] GET https://serviceusage.googleapis.com/v1/projects/elite-5b171/services/cloudaicompanion.googleapis.com 200
[debug] [2026-01-03T17:13:20.568Z] <<< [apiv2][body] GET https://serviceusage.googleapis.com/v1/projects/elite-5b171/services/cloudaicompanion.googleapis.com [omitted]
[info] +  : required API cloudaicompanion.googleapis.com is enabled 
[debug] [2026-01-03T17:14:00.323Z] Checked if tokens are valid: true, expires at: 1767463823592
[debug] [2026-01-03T17:14:00.323Z] Checked if tokens are valid: true, expires at: 1767463823592
[debug] [2026-01-03T17:14:00.324Z] >>> [apiv2][query] GET https://cloudbilling.googleapis.com/v1/projects/elite-5b171/billingInfo [none]
[debug] [2026-01-03T17:14:01.412Z] <<< [apiv2][status] GET https://cloudbilling.googleapis.com/v1/projects/elite-5b171/billingInfo 200
[debug] [2026-01-03T17:14:01.412Z] <<< [apiv2][body] GET https://cloudbilling.googleapis.com/v1/projects/elite-5b171/billingInfo {"name":"projects/elite-5b171/billingInfo","projectId":"elite-5b171","billingAccountName":"billingAccounts/0123D8-7B5689-040BE7","billingEnabled":true}
[debug] [2026-01-03T17:14:01.413Z] Checked if tokens are valid: true, expires at: 1767463823592
[debug] [2026-01-03T17:14:01.413Z] Checked if tokens are valid: true, expires at: 1767463823592
[debug] [2026-01-03T17:14:01.413Z] >>> [apiv2][query] GET https://monitoring.googleapis.com/v3/projects/elite-5b171/timeSeries/ filter=metric.type%3D%22serviceruntime.googleapis.com%2Fquota%2Fallocation%2Fusage%22+AND+metric.label.quota_metric+%3D+%22sqladmin.googleapis.com%2Ffdc_lifetime_free_trial_per_project%22&interval.endTime=2026-01-03T17%3A14%3A01.413Z&interval.startTime=2025-12-27T17%3A14%3A01.413Z
[debug] [2026-01-03T17:14:02.745Z] <<< [apiv2][status] GET https://monitoring.googleapis.com/v3/projects/elite-5b171/timeSeries/ 200
[debug] [2026-01-03T17:14:02.745Z] <<< [apiv2][body] GET https://monitoring.googleapis.com/v3/projects/elite-5b171/timeSeries/ {"unit":"1"}
[info] +  dataconnect: CloudSQL no cost trial available! 
[debug] [2026-01-03T17:14:02.745Z] Checked if tokens are valid: true, expires at: 1767463823592
[debug] [2026-01-03T17:14:02.745Z] Checked if tokens are valid: true, expires at: 1767463823592
[debug] [2026-01-03T17:14:02.745Z] >>> [apiv2][query] GET https://sqladmin.googleapis.com/v1/projects/elite-5b171/instances [none]
[debug] [2026-01-03T17:14:03.547Z] <<< [apiv2][status] GET https://sqladmin.googleapis.com/v1/projects/elite-5b171/instances 200
[debug] [2026-01-03T17:14:03.547Z] <<< [apiv2][body] GET https://sqladmin.googleapis.com/v1/projects/elite-5b171/instances {}
[debug] [2026-01-03T17:14:03.548Z] Checked if tokens are valid: true, expires at: 1767463823592
[debug] [2026-01-03T17:14:03.548Z] Checked if tokens are valid: true, expires at: 1767463823592
[debug] [2026-01-03T17:14:03.548Z] >>> [apiv2][query] GET https://firebasedataconnect.googleapis.com/v1/projects/elite-5b171/locations [none]
[debug] [2026-01-03T17:14:04.652Z] <<< [apiv2][status] GET https://firebasedataconnect.googleapis.com/v1/projects/elite-5b171/locations 200
[debug] [2026-01-03T17:14:04.653Z] <<< [apiv2][body] GET https://firebasedataconnect.googleapis.com/v1/projects/elite-5b171/locations {"locations":[{"name":"projects/elite-5b171/locations/asia-east1","locationId":"asia-east1","displayName":"Taiwan"},{"name":"projects/elite-5b171/locations/asia-east2","locationId":"asia-east2","displayName":"Hong Kong"},{"name":"projects/elite-5b171/locations/asia-northeast1","locationId":"asia-northeast1","displayName":"Tokyo"},{"name":"projects/elite-5b171/locations/asia-northeast2","locationId":"asia-northeast2","displayName":"Osaka"},{"name":"projects/elite-5b171/locations/asia-northeast3","locationId":"asia-northeast3","displayName":"Seoul"},{"name":"projects/elite-5b171/locations/asia-south1","locationId":"asia-south1","displayName":"Mumbai"},{"name":"projects/elite-5b171/locations/asia-southeast1","locationId":"asia-southeast1","displayName":"Singapore"},{"name":"projects/elite-5b171/locations/asia-southeast2","locationId":"asia-southeast2","displayName":"Jakarta"},{"name":"projects/elite-5b171/locations/australia-southeast1","locationId":"australia-southeast1","displayName":"Sydney"},{"name":"projects/elite-5b171/locations/australia-southeast2","locationId":"australia-southeast2","displayName":"Melbourne"},{"name":"projects/elite-5b171/locations/europe-central2","locationId":"europe-central2","displayName":"Warsaw"},{"name":"projects/elite-5b171/locations/europe-north1","locationId":"europe-north1","displayName":"Finland"},{"name":"projects/elite-5b171/locations/europe-southwest1","locationId":"europe-southwest1","displayName":"Madrid"},{"name":"projects/elite-5b171/locations/europe-west1","locationId":"europe-west1","displayName":"Belgium"},{"name":"projects/elite-5b171/locations/europe-west2","locationId":"europe-west2","displayName":"London"},{"name":"projects/elite-5b171/locations/europe-west3","locationId":"europe-west3","displayName":"Frankfurt"},{"name":"projects/elite-5b171/locations/europe-west4","locationId":"europe-west4","displayName":"Netherlands"},{"name":"projects/elite-5b171/locations/europe-west6","locationId":"europe-west6","displayName":"Zurich"},{"name":"projects/elite-5b171/locations/europe-west8","locationId":"europe-west8","displayName":"Milan"},{"name":"projects/elite-5b171/locations/europe-west9","locationId":"europe-west9","displayName":"Paris"},{"name":"projects/elite-5b171/locations/me-west1","locationId":"me-west1","displayName":"Tel Aviv"},{"name":"projects/elite-5b171/locations/northamerica-northeast1","locationId":"northamerica-northeast1","displayName":"Montréal"},{"name":"projects/elite-5b171/locations/northamerica-northeast2","locationId":"northamerica-northeast2","displayName":"Toronto"},{"name":"projects/elite-5b171/locations/southamerica-east1","locationId":"southamerica-east1","displayName":"São Paulo"},{"name":"projects/elite-5b171/locations/southamerica-west1","locationId":"southamerica-west1","displayName":"Santiago"},{"name":"projects/elite-5b171/locations/us-central1","locationId":"us-central1","displayName":"Iowa"},{"name":"projects/elite-5b171/locations/us-east1","locationId":"us-east1","displayName":"South Carolina"},{"name":"projects/elite-5b171/locations/us-east4","locationId":"us-east4","displayName":"Northern Virginia"},{"name":"projects/elite-5b171/locations/us-south1","locationId":"us-south1","displayName":"Dallas"},{"name":"projects/elite-5b171/locations/us-west1","locationId":"us-west1","displayName":"Oregon"},{"name":"projects/elite-5b171/locations/us-west2","locationId":"us-west2","displayName":"Los Angeles"},{"name":"projects/elite-5b171/locations/us-west3","locationId":"us-west3","displayName":"Salt Lake City"},{"name":"projects/elite-5b171/locations/us-west4","locationId":"us-west4","displayName":"Las Vegas"}]}
